[join.futurebillionr.com/index.html]
[backblue.gif]
[fade.gif]
[index.html]
[join.futurebillionr.com/wp-content/themes/astra/assets/css/minified/main.min05da.css]
[join.futurebillionr.com/wp-includes/css/dist/block-library/style.min6a4d.css]
[join.futurebillionr.com/wp-content/plugins/header-footer-elementor/assets/css/header-footer-elementor1f62.css]
[join.futurebillionr.com/wp-content/plugins/elementor/assets/css/frontend-lite.min991d.css]
[join.futurebillionr.com/index.php/feed/index.html]
[join.futurebillionr.com/index.php/comments/feed/index.html]
[join.futurebillionr.com/wp-content/plugins/essential-addons-for-elementor-lite/assets/front-end/css/view/general.min0969.css]
[join.futurebillionr.com/wp-content/uploads/essential-addons-elementor/eael-864b0.css]
[join.futurebillionr.com/wp-content/plugins/elementor/assets/lib/eicons/css/elementor-icons.min3b94.css]
[join.futurebillionr.com/wp-content/plugins/essential-addons-for-elementor-lite/assets/admin/images/templately/logo-icon.svg]
[join.futurebillionr.com/wp-content/plugins/elementor/assets/lib/swiper/v8/css/swiper.min94a4.css]
[join.futurebillionr.com/wp-content/uploads/elementor/css/post-5c935.css]
[join.futurebillionr.com/wp-content/plugins/elementor-pro/assets/css/frontend-lite.minf416.css]
[join.futurebillionr.com/wp-content/plugins/ultimate-elementor/assets/min-css/uael-frontend.min9a24.css]
[join.futurebillionr.com/wp-content/plugins/wpforms-lite/assets/css/wpforms-full.minee47.css]
[join.futurebillionr.com/wp-content/uploads/elementor/css/global496f.css]
[join.futurebillionr.com/wp-content/uploads/elementor/css/post-805eb.css]
[join.futurebillionr.com/wp-content/plugins/header-footer-elementor/inc/widgets-css/frontend1f62.css]
[join.futurebillionr.com/wp-content/uploads/elementor/css/post-56bb73.css]
[join.futurebillionr.com/wp-content/uploads/elementor/css/post-7405eb.css]
[join.futurebillionr.com/wp-content/plugins/elementor/assets/lib/font-awesome/css/fontawesome.min52d5.css]
[join.futurebillionr.com/wp-content/plugins/elementor/assets/lib/font-awesome/css/solid.min52d5.css]
[join.futurebillionr.com/wp-content/plugins/elementor/assets/lib/font-awesome/css/regular.min52d5.css]
[join.futurebillionr.com/wp-includes/js/jquery/jquery.mina7a0.js]
[join.futurebillionr.com/wp-includes/js/jquery/jquery-migrate.mind617.js]
[join.futurebillionr.com/index.php/wp-json/index.html]
[join.futurebillionr.com/index.php/wp-json/wp/v2/pages/8.json]
[join.futurebillionr.com/xmlrpc0db0.php]
[join.futurebillionr.com/wp-includes/wlwmanifest.xml]
[join.futurebillionr.com/index.php/wp-json/oembed/1.0/embed3027.json]
[join.futurebillionr.com/index.php/wp-json/oembed/1.0/embedd50c]
[join.futurebillionr.com/wp-content/plugins/elementor-pro/assets/css/widget-nav-menu.min.css]
[join.futurebillionr.com/wp-content/uploads/2023/03/20230301_102333_0000-1024x576.png]
[join.futurebillionr.com/wp-content/plugins/elementor/assets/css/widget-icon-list.min.css]
[join.futurebillionr.com/wp-content/plugins/elementor/assets/css/widget-icon-box.min.css]
[join.futurebillionr.com/wp-content/uploads/2023/02/20230228_210255_0000-1024x1024.png]
[join.futurebillionr.com/wp-content/uploads/2023/02/png_20230228_195044_0000-1024x1024.png]
[join.futurebillionr.com/wp-content/uploads/2023/02/20230228_205720_0000-1024x1024.png]
[join.futurebillionr.com/wp-content/uploads/2023/02/31_20230228_211413_0000.png]
[join.futurebillionr.com/wp-content/uploads/2023/02/32_20230228_211413_0001.png]
[join.futurebillionr.com/wp-content/uploads/2023/02/33_20230228_211413_0002.png]
[join.futurebillionr.com/wp-content/uploads/2023/02/34_20230228_211413_0003.png]
[join.futurebillionr.com/wp-content/plugins/elementor/assets/lib/animations/animations.min991d.css]
[join.futurebillionr.com/wp-content/themes/astra/assets/js/minified/frontend.min05da.js]
[join.futurebillionr.com/wp-content/plugins/essential-addons-for-elementor-lite/assets/front-end/js/view/general.min0969.js]
[join.futurebillionr.com/wp-content/uploads/essential-addons-elementor/eael-864b0.js]
[join.futurebillionr.com/wp-content/plugins/elementor-pro/assets/lib/smartmenus/jquery.smartmenus.minf269.js]
[join.futurebillionr.com/wp-content/plugins/ultimate-elementor/assets/min-js/uael-frontend.min9a24.js]
[join.futurebillionr.com/wp-content/plugins/ultimate-elementor/assets/lib/typed/typed.min9a24.js]
[join.futurebillionr.com/wp-content/plugins/ultimate-elementor/assets/lib/rvticker/rvticker.min9a24.js]
[join.futurebillionr.com/wp-content/plugins/elementor-pro/assets/js/webpack-pro.runtime.minf416.js]
[join.futurebillionr.com/wp-content/plugins/elementor/assets/js/webpack.runtime.min991d.js]
[join.futurebillionr.com/wp-content/plugins/elementor/assets/js/frontend-modules.min991d.js]
[join.futurebillionr.com/wp-includes/js/dist/vendor/regenerator-runtime.min3937.js]
[join.futurebillionr.com/wp-includes/js/dist/vendor/wp-polyfill.min2c7c.js]
[join.futurebillionr.com/wp-includes/js/dist/hooks.min6c65.js]
[join.futurebillionr.com/wp-includes/js/dist/i18n.mine57b.js]
[join.futurebillionr.com/wp-content/plugins/elementor-pro/assets/js/frontend.minf416.js]
[join.futurebillionr.com/wp-content/plugins/elementor/assets/lib/waypoints/waypoints.min05da.js]
[join.futurebillionr.com/wp-includes/js/jquery/ui/core.min3f14.js]
[join.futurebillionr.com/wp-content/plugins/elementor/assets/js/frontend.min991d.js]
[join.futurebillionr.com/wp-content/plugins/elementor-pro/assets/js/elements-handlers.minf416.js]
[join.futurebillionr.com/wp-content/plugins/elementor-pro/assets/lib/sticky/jquery.sticky.minf416.js]
[join.futurebillionr.com/wp-includes/js/underscore.mind584.js]
[join.futurebillionr.com/wp-includes/js/wp-util.min6a4d.js]
[join.futurebillionr.com/wp-content/plugins/wpforms-lite/assets/js/integrations/elementor/frontend.minee47.js]
[join.futurebillionr.com/index.html]
[join.futurebillionr.com/wp-content/themes/astra/assets/css/minified/main.min05da.css]
[join.futurebillionr.com/wp-includes/css/dist/block-library/style.min6a4d.css]
[join.futurebillionr.com/wp-content/plugins/header-footer-elementor/assets/css/header-footer-elementor1f62.css]
[join.futurebillionr.com/wp-content/plugins/elementor/assets/css/frontend-lite.min991d.css]
[join.futurebillionr.com/wp-content/plugins/essential-addons-for-elementor-lite/assets/front-end/css/view/general.min0969.css]
[join.futurebillionr.com/wp-content/uploads/essential-addons-elementor/eael-864b0.css]
[join.futurebillionr.com/wp-content/plugins/elementor/assets/lib/eicons/fonts/eiconsd6bb.eot]
[join.futurebillionr.com/wp-content/plugins/elementor/assets/lib/eicons/fonts/eiconsd6bb.woff2]
[join.futurebillionr.com/wp-content/plugins/elementor/assets/lib/eicons/fonts/eiconsd6bb.woff]
[join.futurebillionr.com/wp-content/plugins/elementor/assets/lib/eicons/fonts/eiconsd6bb.ttf]
[join.futurebillionr.com/wp-content/plugins/elementor/assets/lib/eicons/css/elementor-icons.min3b94.css]
[join.futurebillionr.com/wp-content/plugins/essential-addons-for-elementor-lite/assets/admin/images/templately/logo-icon.svg]
[join.futurebillionr.com/wp-content/plugins/elementor/assets/lib/swiper/v8/css/swiper.min94a4.css]
[join.futurebillionr.com/wp-content/uploads/elementor/css/post-5c935.css]
[join.futurebillionr.com/wp-content/plugins/elementor-pro/assets/css/frontend-lite.minf416.css]
[join.futurebillionr.com/wp-content/plugins/ultimate-elementor/assets/min-css/uael-frontend.min9a24.css]
[join.futurebillionr.com/wp-content/plugins/elementor/assets/lib/eicons/fonts/eiconsd6bb.svg]
[join.futurebillionr.com/wp-content/plugins/wpforms-lite/assets/images/times-solid-white.svg]
[join.futurebillionr.com/wp-content/plugins/wpforms-lite/assets/css/wpforms-full.minee47.css]
[join.futurebillionr.com/wp-content/uploads/elementor/css/global496f.css]
[join.futurebillionr.com/wp-content/uploads/2023/02/bg-1-1.jpg]
[join.futurebillionr.com/wp-content/uploads/2023/02/Black-Gradient-Simple-Motivation-Quote-Instagram-Post-1.jpg]
[join.futurebillionr.com/wp-content/uploads/elementor/css/post-805eb.css]
[join.futurebillionr.com/wp-content/plugins/header-footer-elementor/inc/widgets-css/frontend1f62.css]
[join.futurebillionr.com/wp-content/uploads/elementor/css/post-56bb73.css]
[join.futurebillionr.com/wp-content/uploads/elementor/css/post-7405eb.css]
[join.futurebillionr.com/wp-content/plugins/elementor/assets/lib/font-awesome/css/fontawesome.min52d5.css]
[join.futurebillionr.com/wp-content/plugins/elementor/assets/lib/font-awesome/webfonts/fa-solid-900.eot]
[join.futurebillionr.com/wp-content/plugins/elementor/assets/lib/font-awesome/webfonts/fa-solid-900d41d.eot]
[join.futurebillionr.com/wp-content/plugins/elementor/assets/lib/font-awesome/webfonts/fa-solid-900.woff2]
[join.futurebillionr.com/wp-content/plugins/elementor/assets/lib/font-awesome/webfonts/fa-solid-900.woff]
[join.futurebillionr.com/wp-content/plugins/elementor/assets/lib/font-awesome/webfonts/fa-solid-900.ttf]
[join.futurebillionr.com/wp-content/plugins/elementor/assets/lib/font-awesome/css/solid.min52d5.css]
[join.futurebillionr.com/wp-content/plugins/elementor/assets/lib/font-awesome/webfonts/fa-solid-900.svg]
[join.futurebillionr.com/wp-content/plugins/elementor/assets/lib/font-awesome/webfonts/fa-regular-400.eot]
[join.futurebillionr.com/wp-content/plugins/elementor/assets/lib/font-awesome/webfonts/fa-regular-400d41d.eot]
[join.futurebillionr.com/wp-content/plugins/elementor/assets/lib/font-awesome/webfonts/fa-regular-400.woff2]
[join.futurebillionr.com/wp-content/plugins/elementor/assets/lib/font-awesome/webfonts/fa-regular-400.woff]
[join.futurebillionr.com/wp-content/plugins/elementor/assets/lib/font-awesome/webfonts/fa-regular-400.ttf]
[join.futurebillionr.com/wp-content/plugins/elementor/assets/lib/font-awesome/css/regular.min52d5.css]
[join.futurebillionr.com/wp-includes/js/jquery/jquery.mina7a0.js]
[join.futurebillionr.com/wp-includes/js/jquery/jquery-migrate.mind617.js]
[join.futurebillionr.com/wp-content/plugins/elementor-pro/assets/css/widget-nav-menu.min.css]
[join.futurebillionr.com/wp-content/plugins/elementor/assets/css/widget-icon-list.min.css]
[join.futurebillionr.com/wp-content/plugins/elementor/assets/css/widget-icon-box.min.css]
[join.futurebillionr.com/wp-content/plugins/elementor/assets/lib/animations/animations.min991d.css]
[join.futurebillionr.com/wp-content/themes/astra/assets/js/minified/frontend.min05da.js]
[join.futurebillionr.com/wp-content/plugins/essential-addons-for-elementor-lite/assets/front-end/js/view/general.min0969.js]
[join.futurebillionr.com/wp-content/uploads/essential-addons-elementor/eael-864b0.js]
[join.futurebillionr.com/wp-content/plugins/elementor-pro/assets/lib/smartmenus/jquery.smartmenus.minf269.js]
[join.futurebillionr.com/wp-content/plugins/elementor/assets/lib/font-awesome/webfonts/fa-regular-400.svg]
[connect.facebook.net/en_US/sdk.js]
[join.futurebillionr.com/wp-content/plugins/ultimate-elementor/assets/min-js/uael-frontend.min9a24.js]
[join.futurebillionr.com/wp-content/plugins/ultimate-elementor/assets/lib/typed/typed.min9a24.js]
[join.futurebillionr.com/wp-content/plugins/ultimate-elementor/assets/lib/rvticker/rvticker.min9a24.js]
[join.futurebillionr.com/wp-content/plugins/elementor-pro/assets/js/webpack-pro.runtime.minf416.js]
[join.futurebillionr.com/wp-content/plugins/elementor/assets/js/webpack.runtime.min991d.js]
[join.futurebillionr.com/wp-content/plugins/elementor/assets/js/frontend-modules.min991d.js]
[join.futurebillionr.com/wp-includes/js/dist/vendor/regenerator-runtime.min3937.js]
[join.futurebillionr.com/wp-includes/js/dist/vendor/wp-polyfill.min2c7c.js]
[join.futurebillionr.com/wp-includes/js/dist/hooks.min6c65.js]
[join.futurebillionr.com/wp-includes/js/dist/i18n.mine57b.js]
[join.futurebillionr.com/wp-content/plugins/elementor-pro/assets/js/frontend.minf416.js]
[join.futurebillionr.com/wp-content/plugins/elementor/assets/lib/waypoints/waypoints.min05da.js]
[join.futurebillionr.com/wp-includes/js/jquery/ui/core.min3f14.js]
[join.futurebillionr.com/-negative.svg]
[join.futurebillionr.com/wp-content/plugins/elementor/assets/js/frontend.min991d.js]
[join.futurebillionr.com/wp-content/plugins/elementor-pro/assets/js/elements-handlers.minf416.js]
[join.futurebillionr.com/wp-content/plugins/elementor-pro/assets/lib/sticky/jquery.sticky.minf416.js]
[join.futurebillionr.com/wp-includes/js/underscore.mind584.js]
[join.futurebillionr.com/wp-includes/js/wp-util.min6a4d.js]
[join.futurebillionr.com/wp-content/plugins/wpforms-lite/assets/js/integrations/elementor/frontend.minee47.js]
[join.futurebillionr.com/wp-content/plugins/elementor/assets/lib/eicons/fonts/eiconsd6bb.svg]
[join.futurebillionr.com/wp-content/plugins/wpforms-lite/assets/images/times-solid-white.svg]
[join.futurebillionr.com/wp-content/plugins/elementor/assets/lib/font-awesome/webfonts/fa-solid-900.svg]
[join.futurebillionr.com/wp-content/plugins/elementor/assets/lib/font-awesome/webfonts/fa-regular-400.svg]
[connect.facebook.net/en_US/sdk.js]
[join.futurebillionr.com/-negative.html]
[join.futurebillionr.com/OPR/index.html]
[join.futurebillionr.com/OPR/index.html]
